
> camelid-frontend@0.1.0 smoke:model-state
> node scripts/model-state-smoke.mjs

✓ model-state smoke passed

> camelid-frontend@0.1.0 smoke:ui
> node scripts/ui-regression-smoke.mjs

UI regression smoke passed

> camelid-frontend@0.1.0 smoke:streaming
> node scripts/streaming-parser-smoke.mjs

Streaming parser smoke passed

> camelid-frontend@0.1.0 smoke:integration
> node scripts/frontend-integration-smoke.mjs

Frontend integration smoke passed

> camelid-frontend@0.1.0 build
> vite build

vite v8.0.10 building client environment for production...
[2Ktransforming...✓ 38 modules transformed.
rendering chunks...
computing gzip size...
dist/index.html                   0.39 kB │ gzip:   0.26 kB
dist/assets/index-B3xPExzp.css  124.02 kB │ gzip:  21.41 kB
dist/assets/index-VEKtl-vo.js   373.75 kB │ gzip: 105.35 kB

✓ built in 86ms
