+zsh:50> set -x
+zsh:51> cd frontend
+zsh:52> npm ci

added 21 packages, and audited 22 packages in 544ms

8 packages are looking for funding
  run `npm fund` for details

found 0 vulnerabilities
+zsh:53> npm run build

> camelid-frontend@0.1.0 build
> vite build

vite v8.0.10 building client environment for production...
[2Ktransforming...✓ 38 modules transformed.
rendering chunks...
computing gzip size...
dist/index.html                   0.39 kB │ gzip:   0.26 kB
dist/assets/index-BEi57WzR.css  124.03 kB │ gzip:  21.41 kB
dist/assets/index-CcjRw0FK.js   375.49 kB │ gzip: 105.71 kB

✓ built in 298ms
+zsh:54> npm run smoke:model-state

> camelid-frontend@0.1.0 smoke:model-state
> node scripts/model-state-smoke.mjs

✓ model-state smoke passed
+zsh:55> npm run smoke:3b-closure

> camelid-frontend@0.1.0 smoke:3b-closure
> node scripts/frontend-3b-closure-smoke.mjs

✓ frontend 3B closure smoke passed
+zsh:56> npm run smoke:integration

> camelid-frontend@0.1.0 smoke:integration
> node scripts/frontend-integration-smoke.mjs

Frontend integration smoke passed
+zsh:57> npm run smoke:ui

> camelid-frontend@0.1.0 smoke:ui
> node scripts/ui-regression-smoke.mjs

UI regression smoke passed
+zsh:58> npm run smoke:streaming

> camelid-frontend@0.1.0 smoke:streaming
> node scripts/streaming-parser-smoke.mjs

Streaming parser smoke passed
